// Jest Snapshot v1, https://goo.gl/fbAQLP

exports[`PinsAnalogBar Rendering 1 1`] = `
<div
  style={
    {
      "height": "26px",
      "overflowY": "hidden",
    }
  }
>
  <div
    style={
      {
        "height": "80px",
        "outline": "none",
        "overflowX": "scroll",
        "overflowY": "hidden",
      }
    }
  >
    <div
      style={
        {
          "float": "left",
          "width": "550px",
        }
      }
    >
      <div
        style={
          {
            "cursor": "default",
            "float": "left",
            "fontFamily": "Arial, sans-serif",
            "fontSize": "13px",
            "fontWeight": "bold",
            "lineHeight": 2,
            "marginLeft": "6px",
            "marginRight": "2px",
          }
        }
      >
        ANALOG PINS
      </div>
      <div
        aria-label="Analog pin A0 duty cycle 0"
        role="status"
        style={
          {
            "alignItems": "center",
            "backgroundColor": "black",
            "borderRadius": "16px",
            "color": "white",
            "cursor": "default",
            "display": "flex",
            "float": "left",
            "fontFamily": "Arial",
            "fontSize": "11px",
            "height": "16px",
            "justifyContent": "center",
            "marginLeft": "4px",
            "marginTop": "4px",
            "width": "40px",
          }
        }
      >
        0
      </div>
      <div
        aria-label="Analog pin A1 duty cycle 0"
        role="status"
        style={
          {
            "alignItems": "center",
            "backgroundColor": "black",
            "borderRadius": "16px",
            "color": "white",
            "cursor": "default",
            "display": "flex",
            "float": "left",
            "fontFamily": "Arial",
            "fontSize": "11px",
            "height": "16px",
            "justifyContent": "center",
            "marginLeft": "4px",
            "marginTop": "4px",
            "width": "40px",
          }
        }
      >
        0
      </div>
      <div
        aria-label="Analog pin A2 duty cycle 0"
        role="status"
        style={
          {
            "alignItems": "center",
            "backgroundColor": "black",
            "borderRadius": "16px",
            "color": "white",
            "cursor": "default",
            "display": "flex",
            "float": "left",
            "fontFamily": "Arial",
            "fontSize": "11px",
            "height": "16px",
            "justifyContent": "center",
            "marginLeft": "4px",
            "marginTop": "4px",
            "width": "40px",
          }
        }
      >
        0
      </div>
      <div
        aria-label="Analog pin A3 duty cycle 0"
        role="status"
        style={
          {
            "alignItems": "center",
            "backgroundColor": "black",
            "borderRadius": "16px",
            "color": "white",
            "cursor": "default",
            "display": "flex",
            "float": "left",
            "fontFamily": "Arial",
            "fontSize": "11px",
            "height": "16px",
            "justifyContent": "center",
            "marginLeft": "4px",
            "marginTop": "4px",
            "width": "40px",
          }
        }
      >
        0
      </div>
      <div
        aria-label="Analog pin A4 duty cycle 0"
        role="status"
        style={
          {
            "alignItems": "center",
            "backgroundColor": "black",
            "borderRadius": "16px",
            "color": "white",
            "cursor": "default",
            "display": "flex",
            "float": "left",
            "fontFamily": "Arial",
            "fontSize": "11px",
            "height": "16px",
            "justifyContent": "center",
            "marginLeft": "4px",
            "marginTop": "4px",
            "width": "40px",
          }
        }
      >
        0
      </div>
      <div
        aria-label="Analog pin A5 duty cycle 0"
        role="status"
        style={
          {
            "alignItems": "center",
            "backgroundColor": "black",
            "borderRadius": "16px",
            "color": "white",
            "cursor": "default",
            "display": "flex",
            "float": "left",
            "fontFamily": "Arial",
            "fontSize": "11px",
            "height": "16px",
            "justifyContent": "center",
            "marginLeft": "4px",
            "marginTop": "4px",
            "width": "40px",
          }
        }
      >
        0
      </div>
    </div>
  </div>
</div>
`;
