// Jest Snapshot v1, https://goo.gl/fbAQLP

exports[`PinsAnalogLabel Rendering 1 1`] = `
<div
  style={
    {
      "cursor": "default",
      "float": "left",
      "fontFamily": "Arial, sans-serif",
      "fontSize": "13px",
      "fontWeight": "bold",
      "lineHeight": 2,
      "marginLeft": "6px",
      "marginRight": "2px",
    }
  }
>
  ANALOG PINS
</div>
`;
