// Jest Snapshot v1, https://goo.gl/fbAQLP

exports[`SerialMonitor Rendering 1 1`] = `
<div
  style={
    {
      "backgroundColor": "#F2F2F2",
      "borderBottom": "1px solid #D3D3D3",
    }
  }
>
  <div
    style={
      {
        "cursor": "default",
        "float": "left",
        "fontFamily": "Arial, sans-serif",
        "fontSize": "13px",
        "fontWeight": "bold",
        "lineHeight": 2,
        "marginLeft": "6px",
        "marginRight": "2px",
      }
    }
  >
    SERIAL MONITOR
  </div>
  <div
    style={
      {
        "alignItems": "center",
        "display": "flex",
        "gap": "4px",
        "padding": "0 4px",
        "width": "100%",
      }
    }
  >
    <div
      style={
        {
          "display": "flex",
          "flex": 1,
        }
      }
    >
      <input
        aria-label="Serial monitor input"
        onChange={[Function]}
        onKeyUp={[Function]}
        placeholder="Enter serial data..."
        readOnly={true}
        style={
          {
            "WebkitAppearance": "none",
            "backgroundColor": "#D9D9D9",
            "border": "1px solid silver",
            "borderRadius": 0,
            "cursor": "default",
            "flex": 2,
            "fontFamily": "Arial",
            "fontSize": "13px",
            "height": "18px",
            "marginBottom": "7px",
            "marginLeft": "5px",
            "marginRight": "3px",
            "outline": "none",
            "padding": "4px",
          }
        }
        type="text"
        value=""
      />
      <input
        disabled={true}
        onClick={[Function]}
        style={
          {
            "WebkitAppearance": "none",
            "backgroundColor": "#D9D9D9",
            "border": "1px solid silver",
            "borderRadius": 0,
            "color": "gray",
            "fontFamily": "Arial",
            "fontSize": "13px",
            "height": "28px",
            "marginLeft": "2px",
            "marginRight": "5px",
            "width": "99px",
          }
        }
        type="button"
        value="SEND"
      />
    </div>
    <select
      onChange={[Function]}
      style={
        {
          "backgroundColor": "#FFFFFF",
          "border": "1px solid #D3D3D3",
          "borderRadius": "2px",
          "cursor": "pointer",
          "fontFamily": "Arial",
          "fontSize": "11px",
          "padding": "2px 4px",
        }
      }
      title="Line ending"
      value=""
    >
      <option
        value=""
      >
        No line ending
      </option>
      <option
        value="
"
      >
        Newline
      </option>
      <option
        value="
"
      >
        Carriage return
      </option>
      <option
        value="
"
      >
        Both NL & CR
      </option>
    </select>
  </div>
  <div
    aria-label="Serial output"
    aria-live="polite"
    role="log"
    style={
      {
        "backgroundColor": "white",
        "bottom": 0,
        "height": "137px",
        "left": 0,
        "overflow": "scroll",
        "position": "fixed",
        "right": 0,
      }
    }
  >
    <div
      style={
        {
          "MozUserSelect": "text",
          "WebkitUserSelect": "text",
          "fontFamily": "monospace,monospace",
          "overflowWrap": "break-word",
          "padding": "10px",
          "userSelect": "text",
          "whiteSpace": "pre-line",
        }
      }
    />
  </div>
</div>
`;
